[2026-08-20 10:17:13] [INFO] ======================================================================
[2026-08-20 10:17:13] [INFO] 开始每日自动部署（优化合并版）
[2026-08-20 10:17:13] [INFO] ======================================================================
[2026-08-20 10:18:17] [INFO] ======================================================================
[2026-08-20 10:18:17] [INFO] 开始每日自动部署（优化合并版）
[2026-08-20 10:18:17] [INFO] ======================================================================
[2026-08-20 10:34:08] [INFO] ======================================================================
[2026-08-20 10:34:08] [INFO] 开始每日自动部署
[2026-08-20 10:34:08] [INFO] ======================================================================
[2026-08-20 10:35:04] [INFO] ======================================================================
[2026-08-20 10:35:04] [INFO] 开始每日自动部署
[2026-08-20 10:35:04] [INFO] ======================================================================
[2026-08-20 10:35:48] [INFO] ======================================================================
[2026-08-20 10:35:48] [INFO] 开始每日自动部署
[2026-08-20 10:35:48] [INFO] ======================================================================
[2026-08-20 10:36:35] [INFO] ======================================================================
[2026-08-20 10:36:35] [INFO] 开始每日自动部署
[2026-08-20 10:36:35] [INFO] ======================================================================
[2026-08-20 10:36:35] [INFO] 
[2026-08-20 10:36:35] [INFO] 检查WARP状态...
[2026-08-20 10:36:35] [INFO] WARP已连接
[2026-08-20 10:36:35] [INFO] 拉取最新代码...
[2026-08-20 10:36:56] [ERROR] 命令执行失败: Command '['git', 'pull', 'origin', 'main']' returned non-zero exit status 1.
[2026-08-20 10:36:56] [WARNING] 拉取失败（尝试 1/3）: Command '['git', 'pull', 'origin', 'main']' returned non-zero exit status 1.
[2026-08-20 10:36:56] [INFO] 等待5秒后重试...
[2026-08-20 10:37:01] [INFO] 连接WARP...
[2026-08-20 10:37:01] [INFO] WARP连接成功
[2026-08-20 10:37:02] [ERROR] 命令执行失败: Command '['git', 'pull', 'origin', 'main']' returned non-zero exit status 1.
[2026-08-20 10:37:02] [WARNING] 拉取失败（尝试 2/3）: Command '['git', 'pull', 'origin', 'main']' returned non-zero exit status 1.
[2026-08-20 10:37:02] [INFO] 等待5秒后重试...
[2026-08-20 10:37:07] [INFO] 连接WARP...
[2026-08-20 10:37:07] [INFO] WARP连接成功
[2026-08-20 10:37:11] [INFO] 代码拉取成功
[2026-08-20 10:37:11] [INFO] 开发新工具...
